ASxxxx Linker V03.00 + NoICE + sdld,  page 1.
Hexadecimal  [32-Bits]

Area                                    Addr        Size        Decimal Bytes (Attributes)
--------------------------------        ----        ----        ------- ----- ------------
.  .ABS.                            00000000    00000000 =           0. bytes (ABS,CON)

      Value  Global                              Global Defined In Module
      -----  --------------------------------   ------------------------
     00000000  .__.ABS.                           
     00000000  l__BSEG                         
     00000000  l__BSS                          
     00000000  l__CABS                         
     00000000  l__DABS                         
     00000000  l__HEADER                       
     00000000  l__HEAP                         
     00000000  l__HOME                         
     00000000  s__CABS                         
     00000000  s__CABS0                        
     00000000  s__CABS1                        
     00000000  s__CABS2                        
     00000000  s__CABS3                        
     00000000  s__CABS4                        
     00000000  s__DABS                         
     00000000  s__HEADER                       
     00000000  s__HEADER0                      
     00000000  s__HEADER1                      
     00000000  s__HEADER2                      
     00000000  s__HEADER3                      
     00000000  s__HEADER4                      
     00000001  l__GSFINAL                      
     00000007  l__CABS2                        
     00000008  l__HEADER0                      
     00000009  l__HEADER1                      
     0000000E  l__CABS1                        
     0000000F  l__GSINIT                       
     00000010  l__CABS0                        
     00000010  l__CABS4                        
     00000015  l__CABS3                        
     00000018  l__HEADER2                      
     0000002B  l__HEADER3                      
     000000BE  G$VDPDataPort$0_0$0                asm_manager
     000000BF  G$VDPControlPort$0_0$0             asm_manager
     00000104  l__HEADER4                      
     00000162  l__INITIALIZED                  
     00000162  l__INITIALIZER                  
     000001D2  l__DATA                         
     00000200  s__CODE                         
     00000665  l__BANK15                       
     000009BB  l__BANK14                       
     00001FCE  l__BANK3                        
     000020EB  l__BANK8                        
     00002225  l__BANK11                       
     00002370  l__BANK9                        
     0000246C  l__BANK13                       
     0000288C  l__BANK10                       
     00002FB8  l__BANK2                        
     000033EB  l__BANK4                        
     0000375D  l__BANK7                        
ASxxxx Linker V03.00 + NoICE + sdld,  page 2.
Hexadecimal  [32-Bits]

Area                                    Addr        Size        Decimal Bytes (Attributes)
--------------------------------        ----        ----        ------- ----- ------------
.  .ABS.                            00000000    00000000 =           0. bytes (ABS,CON)

      Value  Global                              Global Defined In Module
      -----  --------------------------------   ------------------------
     00003833  l__BANK6                        
     000038D9  l__BANK5                        
     000038DD  l__BANK12                       
     00005485  l__CODE                         
     00005685  s__HOME                         
     00005685  s__INITIALIZER                  
     000057E7  s__GSINIT                       
     000057F6  s__GSFINAL                      
     00008000  G$SMS_SRAM$0_0$0                   _sms_manager
     00008000  _SMS_SRAM                          SMSlib_autotext
     00008000  s__BANK10                       
     00008000  s__BANK11                       
     00008000  s__BANK12                       
     00008000  s__BANK13                       
     00008000  s__BANK14                       
     00008000  s__BANK15                       
     00008000  s__BANK2                        
     00008000  s__BANK3                        
     00008000  s__BANK4                        
     00008000  s__BANK5                        
     00008000  s__BANK6                        
     00008000  s__BANK7                        
     00008000  s__BANK8                        
     00008000  s__BANK9                        
     0000C000  s__DATA                         
     0000C1D2  s__INITIALIZED                  
     0000C334  s__BSEG                         
     0000C334  s__BSS                          
     0000C334  s__HEAP                         
     0000FFFC  G$SRAM_bank_to_be_mapped_on_slot   _sms_manager
     0000FFFC  _SRAM_bank_to_be_mapped_on_slot2   SMSlib_autotext
     0000FFFF  G$ROM_bank_to_be_mapped_on_slot2   _sms_manager
     0000FFFF  _ROM_bank_to_be_mapped_on_slot2    SMSlib_autotext

ASxxxx Linker V03.00 + NoICE + sdld,  page 3.
Hexadecimal  [32-Bits]

Area                                    Addr        Size        Decimal Bytes (Attributes)
--------------------------------        ----        ----        ------- ----- ------------
_CODE                               00000200    00005485 =       21637. bytes (REL,CON)

      Value  Global                              Global Defined In Module
      -----  --------------------------------   ------------------------
     00000200  A$main$82                          main
     00000200  C$main.c$3$0_0$149                 main
     00000200  C$main.c$9$1_0$149                 main
     00000200  G$main$0$0                         main
     00000200  _main                              main
     00000203  A$main$86                          main
     00000203  C$main.c$10$1_0$149                main
     00000206  A$main$90                          main
     00000206  C$main.c$11$1_0$149                main
     00000209  A$main$94                          main
     00000209  C$main.c$13$1_0$149                main
     0000020A  A$main$95                          main
     0000020B  A$main$96                          main
     0000020C  A$main$97                          main
     0000020F  A$main$98                          main
     00000210  A$main$102                         main
     00000210  C$main.c$19$1_0$149                main
     00000213  A$main$106                         main
     00000213  C$main.c$20$1_0$149                main
     00000216  A$main$110                         main
     00000216  C$main.c$21$1_0$149                main
     00000219  A$main$114                         main
     00000219  C$main.c$22$1_0$149                main
     0000021C  A$main$118                         main
     0000021C  C$main.c$24$1_0$149                main
     0000021F  A$main$122                         main
     0000021F  C$main.c$25$1_0$149                main
     00000222  A$main$126                         main
     00000222  C$main.c$26$1_0$149                main
     00000225  A$main$130                         main
     00000225  C$main.c$28$1_0$149                main
     00000228  A$main$134                         main
     00000228  C$main.c$29$1_0$149                main
     0000022A  A$main$135                         main
     0000022B  A$main$136                         main
     0000022C  A$main$137                         main
     0000022F  A$main$138                         main
     00000230  A$main$142                         main
     00000230  C$main.c$30$1_0$149                main
     00000233  A$main$146                         main
     00000233  C$main.c$32$1_0$149                main
     00000236  A$main$151                         main
     00000236  C$main.c$35$3_0$151                main
     00000239  A$main$152                         main
     0000023A  A$main$153                         main
     0000023B  A$main$154                         main
     0000023D  A$main$158                         main
     0000023D  C$main.c$37$4_0$152                main
     00000240  A$main$162                         main
     00000240  C$main.c$38$4_0$152                main
ASxxxx Linker V03.00 + NoICE + sdld,  page 4.
Hexadecimal  [32-Bits]

Area                                    Addr        Size        Decimal Bytes (Attributes)
--------------------------------        ----        ----        ------- ----- ------------
_CODE                               00000200    00005485 =       21637. bytes (REL,CON)

      Value  Global                              Global Defined In Module
      -----  --------------------------------   ------------------------
     00000244  A$main$163                         main
     00000247  A$main$164                         main
     00000249  A$main$165                         main
     0000024C  A$main$169                         main
     0000024C  C$main.c$39$4_0$152                main
     00000250  A$main$170                         main
     00000252  A$main$174                         main
     00000252  C$main.c$41$5_0$153                main
     00000255  A$main$175                         main
     00000257  A$main$180                         main
     00000257  C$main.c$45$5_0$154                main
     0000025A  A$main$185                         main
     0000025A  C$main.c$49$3_0$151                main
     0000025D  A$main$186                         main
     0000025F  A$main$187                         main
     00000261  A$main$191                         main
     00000261  C$main.c$54$3_0$151                main
     00000264  A$main$195                         main
     00000264  C$main.c$55$3_0$151                main
     00000267  A$main$199                         main
     00000267  C$main.c$57$3_0$151                main
     0000026A  A$main$203                         main
     0000026A  C$main.c$58$3_0$151                main
     0000026D  A$main$207                         main
     0000026D  C$main.c$59$3_0$151                main
     00000270  A$main$215                         main
     00000270  C$main.c$61$2_0$149                main
     00000270  XG$main$0$0                        main
     00000272  _PSGStop                           PSGlib
     00000299  _PSGResume                         PSGlib
     000002E5  _PSGPlay                           PSGlib
     00000312  _PSGCancelLoop                     PSGlib
     00000318  _PSGPlayNoRepeat                   PSGlib
     00000327  _PSGGetStatus                      PSGlib
     0000032F  _PSGSilenceChannels                PSGlib
     00000340  _PSGRestoreVolumes                 PSGlib
     0000043F  _PSGSetMusicVolumeAttenuation      PSGlib
     0000052E  _PSGSFXStop                        PSGlib
     000005F8  _PSGSFXPlay                        PSGlib
     00000645  _PSGSFXCancelLoop                  PSGlib
     0000064B  _PSGSFXGetStatus                   PSGlib
     00000653  _PSGSFXPlayLoop                    PSGlib
     00000674  _PSGFrame                          PSGlib
     0000078D  _PSGSFXFrame                       PSGlib
     00000813  A$_sms_manager$279                 _sms_manager
     00000813  C$_sms_manager.c$12$0_0$146        _sms_manager
     00000813  C$_sms_manager.c$14$1_0$146        _sms_manager
     00000813  C$_sms_manager.c$15$1_0$146        _sms_manager
     00000813  Ffixedbank$__str_1$0_0$0           fixedbank
     00000813  Ffixedbank$__str_10$0_0$0          fixedbank
     00000813  Ffixedbank$__str_11$0_0$0          fixedbank
ASxxxx Linker V03.00 + NoICE + sdld,  page 5.
Hexadecimal  [32-Bits]

Area                                    Addr        Size        Decimal Bytes (Attributes)
--------------------------------        ----        ----        ------- ----- ------------
_CODE                               00000200    00005485 =       21637. bytes (REL,CON)

      Value  Global                              Global Defined In Module
      -----  --------------------------------   ------------------------
     00000813  Ffixedbank$__str_12$0_0$0          fixedbank
     00000813  Ffixedbank$__str_13$0_0$0          fixedbank
     00000813  Ffixedbank$__str_14$0_0$0          fixedbank
     00000813  Ffixedbank$__str_15$0_0$0          fixedbank
     00000813  Ffixedbank$__str_16$0_0$0          fixedbank
     00000813  Ffixedbank$__str_17$0_0$0          fixedbank
     00000813  Ffixedbank$__str_18$0_0$0          fixedbank
     00000813  Ffixedbank$__str_19$0_0$0          fixedbank
     00000813  Ffixedbank$__str_2$0_0$0           fixedbank
     00000813  Ffixedbank$__str_20$0_0$0          fixedbank
     00000813  Ffixedbank$__str_21$0_0$0          fixedbank
     00000813  Ffixedbank$__str_22$0_0$0          fixedbank
     00000813  Ffixedbank$__str_23$0_0$0          fixedbank
     00000813  Ffixedbank$__str_24$0_0$0          fixedbank
     00000813  Ffixedbank$__str_25$0_0$0          fixedbank
     00000813  Ffixedbank$__str_26$0_0$0          fixedbank
     00000813  Ffixedbank$__str_27$0_0$0          fixedbank
     00000813  Ffixedbank$__str_28$0_0$0          fixedbank
     00000813  Ffixedbank$__str_29$0_0$0          fixedbank
     00000813  Ffixedbank$__str_3$0_0$0           fixedbank
     00000813  Ffixedbank$__str_30$0_0$0          fixedbank
     00000813  Ffixedbank$__str_31$0_0$0          fixedbank
     00000813  Ffixedbank$__str_32$0_0$0          fixedbank
     00000813  Ffixedbank$__str_33$0_0$0          fixedbank
     00000813  Ffixedbank$__str_34$0_0$0          fixedbank
     00000813  Ffixedbank$__str_35$0_0$0          fixedbank
     00000813  Ffixedbank$__str_36$0_0$0          fixedbank
     00000813  Ffixedbank$__str_37$0_0$0          fixedbank
     00000813  Ffixedbank$__str_38$0_0$0          fixedbank
     00000813  Ffixedbank$__str_39$0_0$0          fixedbank
     00000813  Ffixedbank$__str_4$0_0$0           fixedbank
     00000813  Ffixedbank$__str_40$0_0$0          fixedbank
     00000813  Ffixedbank$__str_41$0_0$0          fixedbank
     00000813  Ffixedbank$__str_42$0_0$0          fixedbank
     00000813  Ffixedbank$__str_43$0_0$0          fixedbank
     00000813  Ffixedbank$__str_44$0_0$0          fixedbank
     00000813  Ffixedbank$__str_45$0_0$0          fixedbank
     00000813  Ffixedbank$__str_46$0_0$0          fixedbank
     00000813  Ffixedbank$__str_47$0_0$0          fixedbank
     00000813  Ffixedbank$__str_48$0_0$0          fixedbank
     00000813  Ffixedbank$__str_49$0_0$0          fixedbank
     00000813  Ffixedbank$__str_5$0_0$0           fixedbank
     00000813  Ffixedbank$__str_50$0_0$0          fixedbank
     00000813  Ffixedbank$__str_51$0_0$0          fixedbank
     00000813  Ffixedbank$__str_52$0_0$0          fixedbank
     00000813  Ffixedbank$__str_53$0_0$0          fixedbank
     00000813  Ffixedbank$__str_54$0_0$0          fixedbank
     00000813  Ffixedbank$__str_55$0_0$0          fixedbank
     00000813  Ffixedbank$__str_56$0_0$0          fixedbank
     00000813  Ffixedbank$__str_57$0_0$0          fixedbank
     00000813  Ffixedbank$__str_58$0_0$0          fixedbank
ASxxxx Linker V03.00 + NoICE + sdld,  page 6.
Hexadecimal  [32-Bits]

Area                                    Addr        Size        Decimal Bytes (Attributes)
--------------------------------        ----        ----        ------- ----- ------------
_CODE                               00000200    00005485 =       21637. bytes (REL,CON)

      Value  Global                              Global Defined In Module
      -----  --------------------------------   ------------------------
     00000813  Ffixedbank$__str_59$0_0$0          fixedbank
     00000813  Ffixedbank$__str_6$0_0$0           fixedbank
     00000813  Ffixedbank$__str_60$0_0$0          fixedbank
     00000813  Ffixedbank$__str_61$0_0$0          fixedbank
     00000813  Ffixedbank$__str_62$0_0$0          fixedbank
     00000813  Ffixedbank$__str_63$0_0$0          fixedbank
     00000813  Ffixedbank$__str_64$0_0$0          fixedbank
     00000813  Ffixedbank$__str_65$0_0$0          fixedbank
     00000813  Ffixedbank$__str_66$0_0$0          fixedbank
     00000813  Ffixedbank$__str_67$0_0$0          fixedbank
     00000813  Ffixedbank$__str_68$0_0$0          fixedbank
     00000813  Ffixedbank$__str_69$0_0$0          fixedbank
     00000813  Ffixedbank$__str_7$0_0$0           fixedbank
     00000813  Ffixedbank$__str_70$0_0$0          fixedbank
     00000813  Ffixedbank$__str_71$0_0$0          fixedbank
     00000813  Ffixedbank$__str_72$0_0$0          fixedbank
     00000813  Ffixedbank$__str_73$0_0$0          fixedbank
     00000813  Ffixedbank$__str_74$0_0$0          fixedbank
     00000813  Ffixedbank$__str_75$0_0$0          fixedbank
     00000813  Ffixedbank$__str_76$0_0$0          fixedbank
     00000813  Ffixedbank$__str_77$0_0$0          fixedbank
     00000813  Ffixedbank$__str_78$0_0$0          fixedbank
     00000813  Ffixedbank$__str_79$0_0$0          fixedbank
     00000813  Ffixedbank$__str_8$0_0$0           fixedbank
     00000813  Ffixedbank$__str_80$0_0$0          fixedbank
     00000813  Ffixedbank$__str_81$0_0$0          fixedbank
     00000813  Ffixedbank$__str_82$0_0$0          fixedbank
     00000813  Ffixedbank$__str_83$0_0$0          fixedbank
     00000813  Ffixedbank$__str_84$0_0$0          fixedbank
     00000813  Ffixedbank$__str_85$0_0$0          fixedbank
     00000813  Ffixedbank$__str_86$0_0$0          fixedbank
     00000813  Ffixedbank$__str_87$0_0$0          fixedbank
     00000813  Ffixedbank$__str_88$0_0$0          fixedbank
     00000813  Ffixedbank$__str_89$0_0$0          fixedbank
     00000813  Ffixedbank$__str_9$0_0$0           fixedbank
     00000813  Ffixedbank$__str_90$0_0$0          fixedbank
     00000813  G$devkit_SMS_init$0$0              _sms_manager
     00000813  XG$devkit_SMS_init$0$0             _sms_manager
     00000813  _devkit_SMS_init                   _sms_manager
     00000816  A$_sms_manager$292                 _sms_manager
     00000816  C$_sms_manager.c$18$1_0$148        _sms_manager
     00000816  C$_sms_manager.c$20$1_0$148        _sms_manager
     00000816  G$devkit_SMS_VDPturnOnFeature$0$   _sms_manager
     00000816  _devkit_SMS_VDPturnOnFeature       _sms_manager
     0000081A  A$_sms_manager$293                 _sms_manager
     0000081C  A$_sms_manager$294                 _sms_manager
     0000081F  A$_sms_manager$295                 _sms_manager
     00000822  A$_sms_manager$303                 _sms_manager
     00000822  C$_sms_manager.c$21$1_0$148        _sms_manager
     00000822  XG$devkit_SMS_VDPturnOnFeature$0   _sms_manager
     00000825  A$_sms_manager$316                 _sms_manager
ASxxxx Linker V03.00 + NoICE + sdld,  page 7.
Hexadecimal  [32-Bits]

Area                                    Addr        Size        Decimal Bytes (Attributes)
--------------------------------        ----        ----        ------- ----- ------------
_CODE                               00000200    00005485 =       21637. bytes (REL,CON)

      Value  Global                              Global Defined In Module
      -----  --------------------------------   ------------------------
     00000825  C$_sms_manager.c$22$1_0$150        _sms_manager
     00000825  C$_sms_manager.c$24$1_0$150        _sms_manager
     00000825  G$devkit_SMS_VDPturnOffFeature$0   _sms_manager
     00000825  _devkit_SMS_VDPturnOffFeature      _sms_manager
     00000829  A$_sms_manager$317                 _sms_manager
     0000082B  A$_sms_manager$318                 _sms_manager
     0000082E  A$_sms_manager$319                 _sms_manager
     00000831  A$_sms_manager$327                 _sms_manager
     00000831  C$_sms_manager.c$25$1_0$150        _sms_manager
     00000831  XG$devkit_SMS_VDPturnOffFeature$   _sms_manager
     00000834  A$_sms_manager$340                 _sms_manager
     00000834  C$_sms_manager.c$28$1_0$151        _sms_manager
     00000834  C$_sms_manager.c$30$1_0$151        _sms_manager
     00000834  G$devkit_VDPFEATURE_EXTRAHEIGHT$   _sms_manager
     00000834  _devkit_VDPFEATURE_EXTRAHEIGHT     _sms_manager
     00000837  A$_sms_manager$348                 _sms_manager
     00000837  C$_sms_manager.c$31$1_0$151        _sms_manager
     00000837  XG$devkit_VDPFEATURE_EXTRAHEIGHT   _sms_manager
     00000838  A$_sms_manager$361                 _sms_manager
     00000838  C$_sms_manager.c$32$1_0$152        _sms_manager
     00000838  C$_sms_manager.c$34$1_0$152        _sms_manager
     00000838  G$devkit_VDPFEATURE_SHIFTSPRITES   _sms_manager
     00000838  _devkit_VDPFEATURE_SHIFTSPRITES    _sms_manager
     0000083B  A$_sms_manager$369                 _sms_manager
     0000083B  C$_sms_manager.c$35$1_0$152        _sms_manager
     0000083B  XG$devkit_VDPFEATURE_SHIFTSPRITE   _sms_manager
     0000083C  A$_sms_manager$382                 _sms_manager
     0000083C  C$_sms_manager.c$36$1_0$153        _sms_manager
     0000083C  C$_sms_manager.c$38$1_0$153        _sms_manager
     0000083C  G$devkit_VDPFEATURE_HIDEFIRSTCOL   _sms_manager
     0000083C  _devkit_VDPFEATURE_HIDEFIRSTCOL    _sms_manager
     0000083F  A$_sms_manager$390                 _sms_manager
     0000083F  C$_sms_manager.c$39$1_0$153        _sms_manager
     0000083F  XG$devkit_VDPFEATURE_HIDEFIRSTCO   _sms_manager
     00000840  A$_sms_manager$403                 _sms_manager
     00000840  C$_sms_manager.c$40$1_0$154        _sms_manager
     00000840  C$_sms_manager.c$42$1_0$154        _sms_manager
     00000840  G$devkit_VDPFEATURE_LEFTCOLBLANK   _sms_manager
     00000840  _devkit_VDPFEATURE_LEFTCOLBLANK    _sms_manager
     00000843  A$_sms_manager$411                 _sms_manager
     00000843  C$_sms_manager.c$43$1_0$154        _sms_manager
     00000843  XG$devkit_VDPFEATURE_LEFTCOLBLAN   _sms_manager
     00000844  A$_sms_manager$424                 _sms_manager
     00000844  C$_sms_manager.c$44$1_0$155        _sms_manager
     00000844  C$_sms_manager.c$46$1_0$155        _sms_manager
     00000844  G$devkit_VDPFEATURE_LOCKHSCROLL$   _sms_manager
     00000844  _devkit_VDPFEATURE_LOCKHSCROLL     _sms_manager
     00000847  A$_sms_manager$432                 _sms_manager
     00000847  C$_sms_manager.c$47$1_0$155        _sms_manager
     00000847  XG$devkit_VDPFEATURE_LOCKHSCROLL   _sms_manager
     00000848  A$_sms_manager$445                 _sms_manager
ASxxxx Linker V03.00 + NoICE + sdld,  page 8.
Hexadecimal  [32-Bits]

Area                                    Addr        Size        Decimal Bytes (Attributes)
--------------------------------        ----        ----        ------- ----- ------------
_CODE                               00000200    00005485 =       21637. bytes (REL,CON)

      Value  Global                              Global Defined In Module
      -----  --------------------------------   ------------------------
     00000848  C$_sms_manager.c$48$1_0$156        _sms_manager
     00000848  C$_sms_manager.c$50$1_0$156        _sms_manager
     00000848  G$devkit_VDPFEATURE_LOCKVSCROLL$   _sms_manager
     00000848  _devkit_VDPFEATURE_LOCKVSCROLL     _sms_manager
     0000084B  A$_sms_manager$453                 _sms_manager
     0000084B  C$_sms_manager.c$51$1_0$156        _sms_manager
     0000084B  XG$devkit_VDPFEATURE_LOCKVSCROLL   _sms_manager
     0000084C  A$_sms_manager$466                 _sms_manager
     0000084C  C$_sms_manager.c$54$1_0$157        _sms_manager
     0000084C  C$_sms_manager.c$56$1_0$157        _sms_manager
     0000084C  G$devkit_VDPFEATURE_ZOOMSPRITES$   _sms_manager
     0000084C  _devkit_VDPFEATURE_ZOOMSPRITES     _sms_manager
     0000084F  A$_sms_manager$474                 _sms_manager
     0000084F  C$_sms_manager.c$57$1_0$157        _sms_manager
     0000084F  XG$devkit_VDPFEATURE_ZOOMSPRITES   _sms_manager
     00000850  A$_sms_manager$487                 _sms_manager
     00000850  C$_sms_manager.c$58$1_0$158        _sms_manager
     00000850  C$_sms_manager.c$60$1_0$158        _sms_manager
     00000850  G$devkit_VDPFEATURE_USETALLSPRIT   _sms_manager
     00000850  _devkit_VDPFEATURE_USETALLSPRITE   _sms_manager
     00000853  A$_sms_manager$495                 _sms_manager
     00000853  C$_sms_manager.c$61$1_0$158        _sms_manager
     00000853  XG$devkit_VDPFEATURE_USETALLSPRI   _sms_manager
     00000854  A$_sms_manager$508                 _sms_manager
     00000854  C$_sms_manager.c$62$1_0$159        _sms_manager
     00000854  C$_sms_manager.c$64$1_0$159        _sms_manager
     00000854  G$devkit_VDPFEATURE_240LINES$0$0   _sms_manager
     00000854  _devkit_VDPFEATURE_240LINES        _sms_manager
     00000857  A$_sms_manager$516                 _sms_manager
     00000857  C$_sms_manager.c$65$1_0$159        _sms_manager
     00000857  XG$devkit_VDPFEATURE_240LINES$0$   _sms_manager
     00000858  A$_sms_manager$529                 _sms_manager
     00000858  C$_sms_manager.c$66$1_0$160        _sms_manager
     00000858  C$_sms_manager.c$68$1_0$160        _sms_manager
     00000858  G$devkit_VDPFEATURE_224LINES$0$0   _sms_manager
     00000858  _devkit_VDPFEATURE_224LINES        _sms_manager
     0000085B  A$_sms_manager$537                 _sms_manager
     0000085B  C$_sms_manager.c$69$1_0$160        _sms_manager
     0000085B  XG$devkit_VDPFEATURE_224LINES$0$   _sms_manager
     0000085C  A$_sms_manager$550                 _sms_manager
     0000085C  C$_sms_manager.c$70$1_0$161        _sms_manager
     0000085C  C$_sms_manager.c$72$1_0$161        _sms_manager
     0000085C  G$devkit_VDPFEATURE_FRAMEIRQ$0$0   _sms_manager
     0000085C  _devkit_VDPFEATURE_FRAMEIRQ        _sms_manager
     0000085F  A$_sms_manager$558                 _sms_manager
     0000085F  C$_sms_manager.c$73$1_0$161        _sms_manager
     0000085F  XG$devkit_VDPFEATURE_FRAMEIRQ$0$   _sms_manager
     00000860  A$_sms_manager$571                 _sms_manager
     00000860  C$_sms_manager.c$74$1_0$162        _sms_manager
     00000860  C$_sms_manager.c$76$1_0$162        _sms_manager
     00000860  G$devkit_VDPFEATURE_SHOWDISPLAY$   _sms_manager
ASxxxx Linker V03.00 + NoICE + sdld,  page 9.
Hexadecimal  [32-Bits]

Area                                    Addr        Size        Decimal Bytes (Attributes)
--------------------------------        ----        ----        ------- ----- ------------
_CODE                               00000200    00005485 =       21637. bytes (REL,CON)

      Value  Global                              Global Defined In Module
      -----  --------------------------------   ------------------------
     00000860  _devkit_VDPFEATURE_SHOWDISPLAY     _sms_manager
     00000863  A$_sms_manager$579                 _sms_manager
     00000863  C$_sms_manager.c$77$1_0$162        _sms_manager
     00000863  XG$devkit_VDPFEATURE_SHOWDISPLAY   _sms_manager
     00000864  A$_sms_manager$592                 _sms_manager
     00000864  C$_sms_manager.c$80$1_0$163        _sms_manager
     00000864  C$_sms_manager.c$82$1_0$163        _sms_manager
     00000864  G$devkit_SMS_displayOn$0$0         _sms_manager
     00000864  _devkit_SMS_displayOn              _sms_manager
     00000867  A$_sms_manager$600                 _sms_manager
     00000867  C$_sms_manager.c$83$1_0$163        _sms_manager
     00000867  XG$devkit_SMS_displayOn$0$0        _sms_manager
     0000086A  A$_sms_manager$613                 _sms_manager
     0000086A  C$_sms_manager.c$84$1_0$164        _sms_manager
     0000086A  C$_sms_manager.c$86$1_0$164        _sms_manager
     0000086A  G$devkit_SMS_displayOff$0$0        _sms_manager
     0000086A  _devkit_SMS_displayOff             _sms_manager
     0000086D  A$_sms_manager$621                 _sms_manager
     0000086D  C$_sms_manager.c$87$1_0$164        _sms_manager
     0000086D  XG$devkit_SMS_displayOff$0$0       _sms_manager
     00000870  A$_sms_manager$634                 _sms_manager
     00000870  C$_sms_manager.c$89$1_0$166        _sms_manager
     00000870  C$_sms_manager.c$91$1_0$166        _sms_manager
     00000870  G$devkit_SMS_setBGScrollX$0$0      _sms_manager
     00000870  _devkit_SMS_setBGScrollX           _sms_manager
     00000874  A$_sms_manager$635                 _sms_manager
     00000876  A$_sms_manager$636                 _sms_manager
     00000879  A$_sms_manager$644                 _sms_manager
     00000879  C$_sms_manager.c$92$1_0$166        _sms_manager
     00000879  XG$devkit_SMS_setBGScrollX$0$0     _sms_manager
     0000087C  A$_sms_manager$657                 _sms_manager
     0000087C  C$_sms_manager.c$93$1_0$168        _sms_manager
     0000087C  C$_sms_manager.c$95$1_0$168        _sms_manager
     0000087C  G$devkit_SMS_setBGScrollY$0$0      _sms_manager
     0000087C  _devkit_SMS_setBGScrollY           _sms_manager
     00000880  A$_sms_manager$658                 _sms_manager
     00000882  A$_sms_manager$659                 _sms_manager
     00000885  A$_sms_manager$667                 _sms_manager
     00000885  C$_sms_manager.c$96$1_0$168        _sms_manager
     00000885  XG$devkit_SMS_setBGScrollY$0$0     _sms_manager
     00000888  A$_sms_manager$680                 _sms_manager
     00000888  C$_sms_manager.c$97$1_0$170        _sms_manager
     00000888  C$_sms_manager.c$99$1_0$170        _sms_manager
     00000888  G$devkit_SMS_setBackdropColor$0$   _sms_manager
     00000888  _devkit_SMS_setBackdropColor       _sms_manager
     0000088C  A$_sms_manager$681                 _sms_manager
     0000088E  A$_sms_manager$682                 _sms_manager
     00000891  A$_sms_manager$690                 _sms_manager
     00000891  C$_sms_manager.c$100$1_0$170       _sms_manager
     00000891  XG$devkit_SMS_setBackdropColor$0   _sms_manager
     00000894  A$_sms_manager$703                 _sms_manager
ASxxxx Linker V03.00 + NoICE + sdld,  page 10.
Hexadecimal  [32-Bits]

Area                                    Addr        Size        Decimal Bytes (Attributes)
--------------------------------        ----        ----        ------- ----- ------------
_CODE                               00000200    00005485 =       21637. bytes (REL,CON)

      Value  Global                              Global Defined In Module
      -----  --------------------------------   ------------------------
     00000894  C$_sms_manager.c$101$1_0$172       _sms_manager
     00000894  C$_sms_manager.c$103$1_0$172       _sms_manager
     00000894  G$devkit_SMS_useFirstHalfTilesfo   _sms_manager
     00000894  _devkit_SMS_useFirstHalfTilesfor   _sms_manager
     00000895  A$_sms_manager$704                 _sms_manager
     00000899  A$_sms_manager$705                 _sms_manager
     0000089B  A$_sms_manager$706                 _sms_manager
     0000089E  A$_sms_manager$707                 _sms_manager
     0000089F  A$_sms_manager$708                 _sms_manager
     000008A0  A$_sms_manager$716                 _sms_manager
     000008A0  C$_sms_manager.c$104$1_0$172       _sms_manager
     000008A0  XG$devkit_SMS_useFirstHalfTilesf   _sms_manager
     000008A3  A$_sms_manager$729                 _sms_manager
     000008A3  C$_sms_manager.c$105$1_0$174       _sms_manager
     000008A3  C$_sms_manager.c$107$1_0$174       _sms_manager
     000008A3  G$devkit_SMS_setSpriteMode$0$0     _sms_manager
     000008A3  _devkit_SMS_setSpriteMode          _sms_manager
     000008A7  A$_sms_manager$730                 _sms_manager
     000008A9  A$_sms_manager$731                 _sms_manager
     000008AC  A$_sms_manager$739                 _sms_manager
     000008AC  C$_sms_manager.c$108$1_0$174       _sms_manager
     000008AC  XG$devkit_SMS_setSpriteMode$0$0    _sms_manager
     000008AF  A$_sms_manager$752                 _sms_manager
     000008AF  C$_sms_manager.c$111$1_0$175       _sms_manager
     000008AF  C$_sms_manager.c$113$1_0$175       _sms_manager
     000008AF  G$devkit_SPRITEMODE_NORMAL$0$0     _sms_manager
     000008AF  _devkit_SPRITEMODE_NORMAL          _sms_manager
     000008B1  A$_sms_manager$760                 _sms_manager
     000008B1  C$_sms_manager.c$114$1_0$175       _sms_manager
     000008B1  XG$devkit_SPRITEMODE_NORMAL$0$0    _sms_manager
     000008B2  A$_sms_manager$773                 _sms_manager
     000008B2  C$_sms_manager.c$115$1_0$176       _sms_manager
     000008B2  C$_sms_manager.c$117$1_0$176       _sms_manager
     000008B2  G$devkit_SPRITEMODE_TALL$0$0       _sms_manager
     000008B2  _devkit_SPRITEMODE_TALL            _sms_manager
     000008B4  A$_sms_manager$781                 _sms_manager
     000008B4  C$_sms_manager.c$118$1_0$176       _sms_manager
     000008B4  XG$devkit_SPRITEMODE_TALL$0$0      _sms_manager
     000008B5  A$_sms_manager$794                 _sms_manager
     000008B5  C$_sms_manager.c$119$1_0$177       _sms_manager
     000008B5  C$_sms_manager.c$121$1_0$177       _sms_manager
     000008B5  G$devkit_SPRITEMODE_ZOOMED$0$0     _sms_manager
     000008B5  _devkit_SPRITEMODE_ZOOMED          _sms_manager
     000008B7  A$_sms_manager$802                 _sms_manager
     000008B7  C$_sms_manager.c$122$1_0$177       _sms_manager
     000008B7  XG$devkit_SPRITEMODE_ZOOMED$0$0    _sms_manager
     000008B8  A$_sms_manager$815                 _sms_manager
     000008B8  C$_sms_manager.c$123$1_0$178       _sms_manager
     000008B8  C$_sms_manager.c$125$1_0$178       _sms_manager
     000008B8  G$devkit_SPRITEMODE_TALL_ZOOMED$   _sms_manager
     000008B8  _devkit_SPRITEMODE_TALL_ZOOMED     _sms_manager
ASxxxx Linker V03.00 + NoICE + sdld,  page 11.
Hexadecimal  [32-Bits]

Area                                    Addr        Size        Decimal Bytes (Attributes)
--------------------------------        ----        ----        ------- ----- ------------
_CODE                               00000200    00005485 =       21637. bytes (REL,CON)

      Value  Global                              Global Defined In Module
      -----  --------------------------------   ------------------------
     000008BA  A$_sms_manager$823                 _sms_manager
     000008BA  C$_sms_manager.c$126$1_0$178       _sms_manager
     000008BA  XG$devkit_SPRITEMODE_TALL_ZOOMED   _sms_manager
     000008BB  A$_sms_manager$836                 _sms_manager
     000008BB  C$_sms_manager.c$130$1_0$180       _sms_manager
     000008BB  C$_sms_manager.c$132$1_0$180       _sms_manager
     000008BB  G$devkit_SMS_mapROMBank$0$0        _sms_manager
     000008BB  _devkit_SMS_mapROMBank             _sms_manager
     000008BF  A$_sms_manager$837                 _sms_manager
     000008C1  A$_sms_manager$838                 _sms_manager
     000008C4  A$_sms_manager$839                 _sms_manager
     000008C7  A$_sms_manager$847                 _sms_manager
     000008C7  C$_sms_manager.c$133$1_0$180       _sms_manager
     000008C7  XG$devkit_SMS_mapROMBank$0$0       _sms_manager
     000008C8  A$_sms_manager$860                 _sms_manager
     000008C8  C$_sms_manager.c$136$1_0$181       _sms_manager
     000008C8  C$_sms_manager.c$138$1_0$181       _sms_manager
     000008C8  G$devkit_SMS_enableSRAM$0$0        _sms_manager
     000008C8  _devkit_SMS_enableSRAM             _sms_manager
     000008CA  A$_sms_manager$861                 _sms_manager
     000008CD  A$_sms_manager$869                 _sms_manager
     000008CD  C$_sms_manager.c$139$1_0$181       _sms_manager
     000008CD  XG$devkit_SMS_enableSRAM$0$0       _sms_manager
     000008CE  A$_sms_manager$882                 _sms_manager
     000008CE  C$_sms_manager.c$140$1_0$183       _sms_manager
     000008CE  C$_sms_manager.c$142$1_0$183       _sms_manager
     000008CE  G$devkit_SMS_enableSRAMBank$0$0    _sms_manager
     000008CE  _devkit_SMS_enableSRAMBank         _sms_manager
     000008D2  A$_sms_manager$883                 _sms_manager
     000008D4  A$_sms_manager$884                 _sms_manager
     000008D7  A$_sms_manager$885                 _sms_manager
     000008D8  A$_sms_manager$886                 _sms_manager
     000008D9  A$_sms_manager$887                 _sms_manager
     000008DB  A$_sms_manager$888                 _sms_manager
     000008DD  A$_sms_manager$889                 _sms_manager
     000008E0  A$_sms_manager$897                 _sms_manager
     000008E0  C$_sms_manager.c$143$1_0$183       _sms_manager
     000008E0  XG$devkit_SMS_enableSRAMBank$0$0   _sms_manager
     000008E1  A$_sms_manager$910                 _sms_manager
     000008E1  C$_sms_manager.c$144$1_0$184       _sms_manager
     000008E1  C$_sms_manager.c$146$1_0$184       _sms_manager
     000008E1  G$devkit_SMS_disableSRAM$0$0       _sms_manager
     000008E1  _devkit_SMS_disableSRAM            _sms_manager
     000008E3  A$_sms_manager$911                 _sms_manager
     000008E6  A$_sms_manager$919                 _sms_manager
     000008E6  C$_sms_manager.c$147$1_0$184       _sms_manager
     000008E6  XG$devkit_SMS_disableSRAM$0$0      _sms_manager
     000008E7  A$_sms_manager$932                 _sms_manager
     000008E7  C$_sms_manager.c$150$1_0$185       _sms_manager
     000008E7  C$_sms_manager.c$152$1_0$185       _sms_manager
     000008E7  G$devkit_SMS_SRAM$0$0              _sms_manager
ASxxxx Linker V03.00 + NoICE + sdld,  page 12.
Hexadecimal  [32-Bits]

Area                                    Addr        Size        Decimal Bytes (Attributes)
--------------------------------        ----        ----        ------- ----- ------------
_CODE                               00000200    00005485 =       21637. bytes (REL,CON)

      Value  Global                              Global Defined In Module
      -----  --------------------------------   ------------------------
     000008E7  _devkit_SMS_SRAM                   _sms_manager
     000008EA  A$_sms_manager$940                 _sms_manager
     000008EA  C$_sms_manager.c$153$1_0$185       _sms_manager
     000008EA  XG$devkit_SMS_SRAM$0$0             _sms_manager
     000008EB  A$_sms_manager$960                 _sms_manager
     000008EB  C$_sms_manager.c$156$1_0$186       _sms_manager
     000008EB  C$_sms_manager.c$158$1_0$186       _sms_manager
     000008EB  C$_sms_manager.c$159$1_0$186       _sms_manager
     000008EB  G$devkit_SMS_waitForVBlank$0$0     _sms_manager
     000008EB  XG$devkit_SMS_waitForVBlank$0$0    _sms_manager
     000008EB  _devkit_SMS_waitForVBlank          _sms_manager
     000008EE  A$_sms_manager$973                 _sms_manager
     000008EE  C$_sms_manager.c$161$1_0$188       _sms_manager
     000008EE  C$_sms_manager.c$163$1_0$188       _sms_manager
     000008EE  G$devkit_SMS_crt0_RST08$0$0        _sms_manager
     000008EE  _devkit_SMS_crt0_RST08             _sms_manager
     000008F2  A$_sms_manager$974                 _sms_manager
     000008F4  A$_sms_manager$975                 _sms_manager
     000008F7  A$_sms_manager$976                 _sms_manager
     000008FA  A$_sms_manager$984                 _sms_manager
     000008FA  C$_sms_manager.c$164$1_0$188       _sms_manager
     000008FA  XG$devkit_SMS_crt0_RST08$0$0       _sms_manager
     000008FD  A$_sms_manager$997                 _sms_manager
     000008FD  C$_sms_manager.c$165$1_0$190       _sms_manager
     000008FD  C$_sms_manager.c$167$1_0$190       _sms_manager
     000008FD  G$devkit_SMS_crt0_RST18$0$0        _sms_manager
     000008FD  _devkit_SMS_crt0_RST18             _sms_manager
     00000901  A$_sms_manager$998                 _sms_manager
     00000903  A$_sms_manager$999                 _sms_manager
     00000906  A$_sms_manager$1000                _sms_manager
     00000909  A$_sms_manager$1008                _sms_manager
     00000909  C$_sms_manager.c$168$1_0$190       _sms_manager
     00000909  XG$devkit_SMS_crt0_RST18$0$0       _sms_manager
     0000090C  A$_sms_manager$1021                _sms_manager
     0000090C  C$_sms_manager.c$171$1_0$192       _sms_manager
     0000090C  C$_sms_manager.c$173$1_0$192       _sms_manager
     0000090C  G$devkit_SMS_setTile$0$0           _sms_manager
     0000090C  _devkit_SMS_setTile                _sms_manager
     00000910  A$_sms_manager$1022                _sms_manager
     00000912  A$_sms_manager$1023                _sms_manager
     00000915  A$_sms_manager$1024                _sms_manager
     00000918  A$_sms_manager$1032                _sms_manager
     00000918  C$_sms_manager.c$174$1_0$192       _sms_manager
     00000918  XG$devkit_SMS_setTile$0$0          _sms_manager
     0000091B  A$_sms_manager$1045                _sms_manager
     0000091B  C$_sms_manager.c$175$1_0$194       _sms_manager
     0000091B  C$_sms_manager.c$177$1_0$194       _sms_manager
     0000091B  G$devkit_SMS_setAddr$0$0           _sms_manager
     0000091B  _devkit_SMS_setAddr                _sms_manager
     0000091F  A$_sms_manager$1046                _sms_manager
     00000921  A$_sms_manager$1047                _sms_manager
ASxxxx Linker V03.00 + NoICE + sdld,  page 13.
Hexadecimal  [32-Bits]

Area                                    Addr        Size        Decimal Bytes (Attributes)
--------------------------------        ----        ----        ------- ----- ------------
_CODE                               00000200    00005485 =       21637. bytes (REL,CON)

      Value  Global                              Global Defined In Module
      -----  --------------------------------   ------------------------
     00000924  A$_sms_manager$1048                _sms_manager
     00000927  A$_sms_manager$1056                _sms_manager
     00000927  C$_sms_manager.c$178$1_0$194       _sms_manager
     00000927  XG$devkit_SMS_setAddr$0$0          _sms_manager
     0000092A  A$_sms_manager$1076                _sms_manager
     0000092A  C$_sms_manager.c$182$1_0$196       _sms_manager
     0000092A  C$_sms_manager.c$184$1_0$196       _sms_manager
     0000092A  C$_sms_manager.c$185$1_0$196       _sms_manager
     0000092A  G$devkit_XYtoADDR$0$0              _sms_manager
     0000092A  XG$devkit_XYtoADDR$0$0             _sms_manager
     0000092A  _devkit_XYtoADDR                   _sms_manager
     0000092B  A$_sms_manager$1086                _sms_manager
     0000092B  C$_sms_manager.c$186$1_0$198       _sms_manager
     0000092B  G$devkit_SMS_setNextTileatXY$0$0   _sms_manager
     0000092B  _devkit_SMS_setNextTileatXY        _sms_manager
     0000092D  A$_sms_manager$1087                _sms_manager
     00000931  A$_sms_manager$1088                _sms_manager
     00000933  A$_sms_manager$1092                _sms_manager
     00000933  C$_sms_manager.c$188$1_0$198       _sms_manager
     00000936  A$_sms_manager$1093                _sms_manager
     00000938  A$_sms_manager$1094                _sms_manager
     00000939  A$_sms_manager$1095                _sms_manager
     0000093A  A$_sms_manager$1096                _sms_manager
     0000093B  A$_sms_manager$1097                _sms_manager
     0000093C  A$_sms_manager$1098                _sms_manager
     0000093D  A$_sms_manager$1099                _sms_manager
     00000940  A$_sms_manager$1100                _sms_manager
     00000942  A$_sms_manager$1101                _sms_manager
     00000943  A$_sms_manager$1102                _sms_manager
     00000944  A$_sms_manager$1103                _sms_manager
     00000945  A$_sms_manager$1104                _sms_manager
     00000947  A$_sms_manager$1105                _sms_manager
     00000948  A$_sms_manager$1113                _sms_manager
     00000948  C$_sms_manager.c$189$1_0$198       _sms_manager
     00000948  XG$devkit_SMS_setNextTileatXY$0$   _sms_manager
     0000094A  A$_sms_manager$1114                _sms_manager
     0000094D  A$_sms_manager$1127                _sms_manager
     0000094D  C$_sms_manager.c$190$1_0$200       _sms_manager
     0000094D  C$_sms_manager.c$192$1_0$200       _sms_manager
     0000094D  G$devkit_SMS_setNextTileatLoc$0$   _sms_manager
     0000094D  _devkit_SMS_setNextTileatLoc       _sms_manager
     0000094E  A$_sms_manager$1128                _sms_manager
     0000094F  A$_sms_manager$1129                _sms_manager
     00000950  A$_sms_manager$1130                _sms_manager
     00000951  A$_sms_manager$1131                _sms_manager
     00000952  A$_sms_manager$1132                _sms_manager
     00000953  A$_sms_manager$1133                _sms_manager
     00000955  A$_sms_manager$1134                _sms_manager
     00000956  A$_sms_manager$1142                _sms_manager
     00000956  C$_sms_manager.c$193$1_0$200       _sms_manager
     00000956  XG$devkit_SMS_setNextTileatLoc$0   _sms_manager
ASxxxx Linker V03.00 + NoICE + sdld,  page 14.
Hexadecimal  [32-Bits]

Area                                    Addr        Size        Decimal Bytes (Attributes)
--------------------------------        ----        ----        ------- ----- ------------
_CODE                               00000200    00005485 =       21637. bytes (REL,CON)

      Value  Global                              Global Defined In Module
      -----  --------------------------------   ------------------------
     00000959  A$_sms_manager$1155                _sms_manager
     00000959  C$_sms_manager.c$194$1_0$202       _sms_manager
     00000959  C$_sms_manager.c$196$1_0$202       _sms_manager
     00000959  G$devkit_SMS_setNextTileatAddr$0   _sms_manager
     00000959  _devkit_SMS_setNextTileatAddr      _sms_manager
     0000095D  A$_sms_manager$1156                _sms_manager
     0000095F  A$_sms_manager$1157                _sms_manager
     00000962  A$_sms_manager$1158                _sms_manager
     00000964  A$_sms_manager$1166                _sms_manager
     00000964  C$_sms_manager.c$197$1_0$202       _sms_manager
     00000964  XG$devkit_SMS_setNextTileatAddr$   _sms_manager
     00000967  A$_sms_manager$1176                _sms_manager
     00000967  C$_sms_manager.c$198$1_0$204       _sms_manager
     00000967  G$devkit_SMS_setTileatXY$0$0       _sms_manager
     00000967  _devkit_SMS_setTileatXY            _sms_manager
     00000969  A$_sms_manager$1177                _sms_manager
     0000096D  A$_sms_manager$1178                _sms_manager
     0000096F  A$_sms_manager$1182                _sms_manager
     0000096F  C$_sms_manager.c$200$2_0$205       _sms_manager
     00000972  A$_sms_manager$1183                _sms_manager
     00000974  A$_sms_manager$1184                _sms_manager
     00000975  A$_sms_manager$1185                _sms_manager
     00000976  A$_sms_manager$1186                _sms_manager
     00000977  A$_sms_manager$1187                _sms_manager
     00000978  A$_sms_manager$1188                _sms_manager
     00000979  A$_sms_manager$1189                _sms_manager
     0000097C  A$_sms_manager$1190                _sms_manager
     0000097E  A$_sms_manager$1191                _sms_manager
     0000097F  A$_sms_manager$1192                _sms_manager
     00000980  A$_sms_manager$1193                _sms_manager
     00000981  A$_sms_manager$1194                _sms_manager
     00000983  A$_sms_manager$1195                _sms_manager
     00000984  A$_sms_manager$1196                _sms_manager
     00000985  A$_sms_manager$1197                _sms_manager
     00000988  A$_sms_manager$1198                _sms_manager
     0000098B  A$_sms_manager$1206                _sms_manager
     0000098B  C$_sms_manager.c$201$1_0$204       _sms_manager
     0000098B  XG$devkit_SMS_setTileatXY$0$0      _sms_manager
     0000098D  A$_sms_manager$1207                _sms_manager
     00000990  A$_sms_manager$1227                _sms_manager
     00000990  C$_sms_manager.c$205$1_0$207       _sms_manager
     00000990  C$_sms_manager.c$207$1_0$207       _sms_manager
     00000990  C$_sms_manager.c$208$1_0$207       _sms_manager
     00000990  G$devkit_TILEtoADDR$0$0            _sms_manager
     00000990  XG$devkit_TILEtoADDR$0$0           _sms_manager
     00000990  _devkit_TILEtoADDR                 _sms_manager
     00000991  A$_sms_manager$1240                _sms_manager
     00000991  C$_sms_manager.c$211$1_0$208       _sms_manager
     00000991  C$_sms_manager.c$213$1_0$208       _sms_manager
     00000991  G$devkit_TILE_FLIPPED_X$0$0        _sms_manager
     00000991  _devkit_TILE_FLIPPED_X             _sms_manager
ASxxxx Linker V03.00 + NoICE + sdld,  page 15.
Hexadecimal  [32-Bits]

Area                                    Addr        Size        Decimal Bytes (Attributes)
--------------------------------        ----        ----        ------- ----- ------------
_CODE                               00000200    00005485 =       21637. bytes (REL,CON)

      Value  Global                              Global Defined In Module
      -----  --------------------------------   ------------------------
     00000994  A$_sms_manager$1248                _sms_manager
     00000994  C$_sms_manager.c$214$1_0$208       _sms_manager
     00000994  XG$devkit_TILE_FLIPPED_X$0$0       _sms_manager
     00000995  A$_sms_manager$1261                _sms_manager
     00000995  C$_sms_manager.c$215$1_0$209       _sms_manager
     00000995  C$_sms_manager.c$217$1_0$209       _sms_manager
     00000995  G$devkit_TILE_FLIPPED_Y$0$0        _sms_manager
     00000995  _devkit_TILE_FLIPPED_Y             _sms_manager
     00000998  A$_sms_manager$1269                _sms_manager
     00000998  C$_sms_manager.c$218$1_0$209       _sms_manager
     00000998  XG$devkit_TILE_FLIPPED_Y$0$0       _sms_manager
     00000999  A$_sms_manager$1282                _sms_manager
     00000999  C$_sms_manager.c$219$1_0$210       _sms_manager
     00000999  C$_sms_manager.c$221$1_0$210       _sms_manager
     00000999  G$devkit_TILE_USE_SPRITE_PALETTE   _sms_manager
     00000999  _devkit_TILE_USE_SPRITE_PALETTE    _sms_manager
     0000099C  A$_sms_manager$1290                _sms_manager
     0000099C  C$_sms_manager.c$222$1_0$210       _sms_manager
     0000099C  XG$devkit_TILE_USE_SPRITE_PALETT   _sms_manager
     0000099D  A$_sms_manager$1303                _sms_manager
     0000099D  C$_sms_manager.c$223$1_0$211       _sms_manager
     0000099D  C$_sms_manager.c$225$1_0$211       _sms_manager
     0000099D  G$devkit_TILE_PRIORITY$0$0         _sms_manager
     0000099D  _devkit_TILE_PRIORITY              _sms_manager
     000009A0  A$_sms_manager$1311                _sms_manager
     000009A0  C$_sms_manager.c$226$1_0$211       _sms_manager
     000009A0  XG$devkit_TILE_PRIORITY$0$0        _sms_manager
     000009A1  A$_sms_manager$1324                _sms_manager
     000009A1  C$_sms_manager.c$229$1_0$213       _sms_manager
     000009A1  C$_sms_manager.c$231$1_0$213       _sms_manager
     000009A1  G$devkit_SMS_loadTiles$0$0         _sms_manager
     000009A1  _devkit_SMS_loadTiles              _sms_manager
     000009A5  A$_sms_manager$1325                _sms_manager
     000009A7  A$_sms_manager$1326                _sms_manager
     000009AA  A$_sms_manager$1327                _sms_manager
     000009AD  A$_sms_manager$1328                _sms_manager
     000009AE  A$_sms_manager$1329                _sms_manager
     000009AF  A$_sms_manager$1330                _sms_manager
     000009B0  A$_sms_manager$1331                _sms_manager
     000009B1  A$_sms_manager$1332                _sms_manager
     000009B2  A$_sms_manager$1333                _sms_manager
     000009B4  A$_sms_manager$1334                _sms_manager
     000009B7  A$_sms_manager$1335                _sms_manager
     000009BA  A$_sms_manager$1336                _sms_manager
     000009BB  A$_sms_manager$1337                _sms_manager
     000009BF  A$_sms_manager$1338                _sms_manager
     000009C1  A$_sms_manager$1339                _sms_manager
     000009C4  A$_sms_manager$1340                _sms_manager
     000009C7  A$_sms_manager$1341                _sms_manager
     000009C8  A$_sms_manager$1342                _sms_manager
     000009C9  A$_sms_manager$1343                _sms_manager
ASxxxx Linker V03.00 + NoICE + sdld,  page 16.
Hexadecimal  [32-Bits]

Area                                    Addr        Size        Decimal Bytes (Attributes)
--------------------------------        ----        ----        ------- ----- ------------
_CODE                               00000200    00005485 =       21637. bytes (REL,CON)

      Value  Global                              Global Defined In Module
      -----  --------------------------------   ------------------------
     000009CC  A$_sms_manager$1351                _sms_manager
     000009CC  C$_sms_manager.c$232$1_0$213       _sms_manager
     000009CC  XG$devkit_SMS_loadTiles$0$0        _sms_manager
     000009CD  A$_sms_manager$1364                _sms_manager
     000009CD  C$_sms_manager.c$233$1_0$215       _sms_manager
     000009CD  C$_sms_manager.c$235$1_0$215       _sms_manager
     000009CD  G$devkit_SMS_load1bppTiles$0$0     _sms_manager
     000009CD  _devkit_SMS_load1bppTiles          _sms_manager
     000009D1  A$_sms_manager$1365                _sms_manager
     000009D3  A$_sms_manager$1366                _sms_manager
     000009D6  A$_sms_manager$1367                _sms_manager
     000009D7  A$_sms_manager$1368                _sms_manager
     000009D8  A$_sms_manager$1369                _sms_manager
     000009DB  A$_sms_manager$1370                _sms_manager
     000009DD  A$_sms_manager$1371                _sms_manager
     000009DE  A$_sms_manager$1372                _sms_manager
     000009DF  A$_sms_manager$1373                _sms_manager
     000009E2  A$_sms_manager$1374                _sms_manager
     000009E5  A$_sms_manager$1375                _sms_manager
     000009E7  A$_sms_manager$1376                _sms_manager
     000009E9  A$_sms_manager$1377                _sms_manager
     000009EA  A$_sms_manager$1378                _sms_manager
     000009ED  A$_sms_manager$1379                _sms_manager
     000009F0  A$_sms_manager$1380                _sms_manager
     000009F2  A$_sms_manager$1381                _sms_manager
     000009F4  A$_sms_manager$1382                _sms_manager
     000009F5  A$_sms_manager$1383                _sms_manager
     000009F8  A$_sms_manager$1384                _sms_manager
     000009FB  A$_sms_manager$1385                _sms_manager
     000009FC  A$_sms_manager$1386                _sms_manager
     000009FF  A$_sms_manager$1387                _sms_manager
     00000A02  A$_sms_manager$1388                _sms_manager
     00000A03  A$_sms_manager$1389                _sms_manager
     00000A04  A$_sms_manager$1397                _sms_manager
     00000A04  C$_sms_manager.c$236$1_0$215       _sms_manager
     00000A04  XG$devkit_SMS_load1bppTiles$0$0    _sms_manager
     00000A05  A$_sms_manager$1410                _sms_manager
     00000A05  C$_sms_manager.c$239$1_0$217       _sms_manager
     00000A05  C$_sms_manager.c$241$1_0$217       _sms_manager
     00000A05  G$devkit_SMS_loadPSGaidencompres   _sms_manager
     00000A05  _devkit_SMS_loadPSGaidencompress   _sms_manager
     00000A09  A$_sms_manager$1411                _sms_manager
     00000A0B  A$_sms_manager$1412                _sms_manager
     00000A0E  A$_sms_manager$1413                _sms_manager
     00000A11  A$_sms_manager$1414                _sms_manager
     00000A12  A$_sms_manager$1415                _sms_manager
     00000A15  A$_sms_manager$1416                _sms_manager
     00000A18  A$_sms_manager$1417                _sms_manager
     00000A19  A$_sms_manager$1418                _sms_manager
     00000A1C  A$_sms_manager$1419                _sms_manager
     00000A1D  A$_sms_manager$1420                _sms_manager
ASxxxx Linker V03.00 + NoICE + sdld,  page 17.
Hexadecimal  [32-Bits]

Area                                    Addr        Size        Decimal Bytes (Attributes)
--------------------------------        ----        ----        ------- ----- ------------
_CODE                               00000200    00005485 =       21637. bytes (REL,CON)

      Value  Global                              Global Defined In Module
      -----  --------------------------------   ------------------------
     00000A1E  A$_sms_manager$1428                _sms_manager
     00000A1E  C$_sms_manager.c$242$1_0$217       _sms_manager
     00000A1E  XG$devkit_SMS_loadPSGaidencompre   _sms_manager
     00000A1F  A$_sms_manager$1441                _sms_manager
     00000A1F  C$_sms_manager.c$243$1_0$219       _sms_manager
     00000A1F  C$_sms_manager.c$245$1_0$219       _sms_manager
     00000A1F  G$devkit_SMS_loadPSGaidencompres   _sms_manager
     00000A1F  _devkit_SMS_loadPSGaidencompress   _sms_manager
     00000A23  A$_sms_manager$1442                _sms_manager
     00000A25  A$_sms_manager$1443                _sms_manager
     00000A28  A$_sms_manager$1444                _sms_manager
     00000A2B  A$_sms_manager$1445                _sms_manager
     00000A2C  A$_sms_manager$1446                _sms_manager
     00000A2D  A$_sms_manager$1447                _sms_manager
     00000A2E  A$_sms_manager$1448                _sms_manager
     00000A2F  A$_sms_manager$1449                _sms_manager
     00000A30  A$_sms_manager$1450                _sms_manager
     00000A32  A$_sms_manager$1451                _sms_manager
     00000A33  A$_sms_manager$1452                _sms_manager
     00000A36  A$_sms_manager$1453                _sms_manager
     00000A39  A$_sms_manager$1454                _sms_manager
     00000A3A  A$_sms_manager$1455                _sms_manager
     00000A3D  A$_sms_manager$1456                _sms_manager
     00000A3E  A$_sms_manager$1457                _sms_manager
     00000A3F  A$_sms_manager$1465                _sms_manager
     00000A3F  C$_sms_manager.c$246$1_0$219       _sms_manager
     00000A3F  XG$devkit_SMS_loadPSGaidencompre   _sms_manager
     00000A40  A$_sms_manager$1478                _sms_manager
     00000A40  C$_sms_manager.c$249$1_0$221       _sms_manager
     00000A40  C$_sms_manager.c$251$1_0$221       _sms_manager
     00000A40  G$devkit_UNSAFE_SMS_loadZX7compr   _sms_manager
     00000A40  _devkit_UNSAFE_SMS_loadZX7compre   _sms_manager
     00000A44  A$_sms_manager$1479                _sms_manager
     00000A46  A$_sms_manager$1480                _sms_manager
     00000A49  A$_sms_manager$1481                _sms_manager
     00000A4C  A$_sms_manager$1482                _sms_manager
     00000A4D  A$_sms_manager$1483                _sms_manager
     00000A50  A$_sms_manager$1484                _sms_manager
     00000A53  A$_sms_manager$1485                _sms_manager
     00000A54  A$_sms_manager$1486                _sms_manager
     00000A57  A$_sms_manager$1487                _sms_manager
     00000A58  A$_sms_manager$1488                _sms_manager
     00000A59  A$_sms_manager$1496                _sms_manager
     00000A59  C$_sms_manager.c$252$1_0$221       _sms_manager
     00000A59  XG$devkit_UNSAFE_SMS_loadZX7comp   _sms_manager
     00000A5A  A$_sms_manager$1509                _sms_manager
     00000A5A  C$_sms_manager.c$253$1_0$223       _sms_manager
     00000A5A  C$_sms_manager.c$255$1_0$223       _sms_manager
     00000A5A  G$devkit_UNSAFE_SMS_loadZX7compr   _sms_manager
     00000A5A  _devkit_UNSAFE_SMS_loadZX7compre   _sms_manager
     00000A5E  A$_sms_manager$1510                _sms_manager
ASxxxx Linker V03.00 + NoICE + sdld,  page 18.
Hexadecimal  [32-Bits]

Area                                    Addr        Size        Decimal Bytes (Attributes)
--------------------------------        ----        ----        ------- ----- ------------
_CODE                               00000200    00005485 =       21637. bytes (REL,CON)

      Value  Global                              Global Defined In Module
      -----  --------------------------------   ------------------------
     00000A60  A$_sms_manager$1511                _sms_manager
     00000A63  A$_sms_manager$1512                _sms_manager
     00000A66  A$_sms_manager$1513                _sms_manager
     00000A67  A$_sms_manager$1514                _sms_manager
     00000A68  A$_sms_manager$1515                _sms_manager
     00000A69  A$_sms_manager$1516                _sms_manager
     00000A6A  A$_sms_manager$1517                _sms_manager
     00000A6B  A$_sms_manager$1518                _sms_manager
     00000A6D  A$_sms_manager$1519                _sms_manager
     00000A6E  A$_sms_manager$1520                _sms_manager
     00000A71  A$_sms_manager$1521                _sms_manager
     00000A74  A$_sms_manager$1522                _sms_manager
     00000A75  A$_sms_manager$1523                _sms_manager
     00000A78  A$_sms_manager$1524                _sms_manager
     00000A79  A$_sms_manager$1525                _sms_manager
     00000A7A  A$_sms_manager$1533                _sms_manager
     00000A7A  C$_sms_manager.c$256$1_0$223       _sms_manager
     00000A7A  XG$devkit_UNSAFE_SMS_loadZX7comp   _sms_manager
     00000A7B  A$_sms_manager$1546                _sms_manager
     00000A7B  C$_sms_manager.c$257$1_0$225       _sms_manager
     00000A7B  C$_sms_manager.c$259$1_0$225       _sms_manager
     00000A7B  G$devkit_UNSAFE_SMS_loadaPLibcom   _sms_manager
     00000A7B  _devkit_UNSAFE_SMS_loadaPLibcomp   _sms_manager
     00000A7F  A$_sms_manager$1547                _sms_manager
     00000A81  A$_sms_manager$1548                _sms_manager
     00000A84  A$_sms_manager$1549                _sms_manager
     00000A87  A$_sms_manager$1550                _sms_manager
     00000A88  A$_sms_manager$1551                _sms_manager
     00000A8B  A$_sms_manager$1552                _sms_manager
     00000A8E  A$_sms_manager$1553                _sms_manager
     00000A8F  A$_sms_manager$1554                _sms_manager
     00000A92  A$_sms_manager$1555                _sms_manager
     00000A93  A$_sms_manager$1556                _sms_manager
     00000A94  A$_sms_manager$1564                _sms_manager
     00000A94  C$_sms_manager.c$260$1_0$225       _sms_manager
     00000A94  XG$devkit_UNSAFE_SMS_loadaPLibco   _sms_manager
     00000A95  A$_sms_manager$1577                _sms_manager
     00000A95  C$_sms_manager.c$261$1_0$227       _sms_manager
     00000A95  C$_sms_manager.c$263$1_0$227       _sms_manager
     00000A95  G$devkit_UNSAFE_SMS_loadaPLibcom   _sms_manager
     00000A95  _devkit_UNSAFE_SMS_loadaPLibcomp   _sms_manager
     00000A99  A$_sms_manager$1578                _sms_manager
     00000A9B  A$_sms_manager$1579                _sms_manager
     00000A9E  A$_sms_manager$1580                _sms_manager
     00000AA1  A$_sms_manager$1581                _sms_manager
     00000AA2  A$_sms_manager$1582                _sms_manager
     00000AA3  A$_sms_manager$1583                _sms_manager
     00000AA4  A$_sms_manager$1584                _sms_manager
     00000AA5  A$_sms_manager$1585                _sms_manager
     00000AA6  A$_sms_manager$1586                _sms_manager
     00000AA8  A$_sms_manager$1587                _sms_manager
ASxxxx Linker V03.00 + NoICE + sdld,  page 19.
Hexadecimal  [32-Bits]

Area                                    Addr        Size        Decimal Bytes (Attributes)
--------------------------------        ----        ----        ------- ----- ------------
_CODE                               00000200    00005485 =       21637. bytes (REL,CON)

      Value  Global                              Global Defined In Module
      -----  --------------------------------   ------------------------
     00000AA9  A$_sms_manager$1588                _sms_manager
     00000AAC  A$_sms_manager$1589                _sms_manager
     00000AAF  A$_sms_manager$1590                _sms_manager
     00000AB0  A$_sms_manager$1591                _sms_manager
     00000AB3  A$_sms_manager$1592                _sms_manager
     00000AB4  A$_sms_manager$1593                _sms_manager
     00000AB5  A$_sms_manager$1601                _sms_manager
     00000AB5  C$_sms_manager.c$264$1_0$227       _sms_manager
     00000AB5  XG$devkit_UNSAFE_SMS_loadaPLibco   _sms_manager
     00000AB6  A$_sms_manager$1611                _sms_manager
     00000AB6  C$_sms_manager.c$267$1_0$229       _sms_manager
     00000AB6  G$devkit_SMS_loadTileMap$0$0       _sms_manager
     00000AB6  _devkit_SMS_loadTileMap            _sms_manager
     00000AB8  A$_sms_manager$1612                _sms_manager
     00000ABC  A$_sms_manager$1613                _sms_manager
     00000ABE  A$_sms_manager$1617                _sms_manager
     00000ABE  C$_sms_manager.c$269$1_0$229       _sms_manager
     00000AC1  A$_sms_manager$1618                _sms_manager
     00000AC4  A$_sms_manager$1619                _sms_manager
     00000AC7  A$_sms_manager$1620                _sms_manager
     00000AC9  A$_sms_manager$1621                _sms_manager
     00000ACA  A$_sms_manager$1622                _sms_manager
     00000ACB  A$_sms_manager$1623                _sms_manager
     00000ACC  A$_sms_manager$1624                _sms_manager
     00000ACD  A$_sms_manager$1625                _sms_manager
     00000ACE  A$_sms_manager$1626                _sms_manager
     00000AD1  A$_sms_manager$1627                _sms_manager
     00000AD3  A$_sms_manager$1628                _sms_manager
     00000AD4  A$_sms_manager$1629                _sms_manager
     00000AD5  A$_sms_manager$1630                _sms_manager
     00000AD6  A$_sms_manager$1631                _sms_manager
     00000AD8  A$_sms_manager$1632                _sms_manager
     00000AD9  A$_sms_manager$1633                _sms_manager
     00000ADC  A$_sms_manager$1634                _sms_manager
     00000ADF  A$_sms_manager$1635                _sms_manager
     00000AE0  A$_sms_manager$1636                _sms_manager
     00000AE1  A$_sms_manager$1637                _sms_manager
     00000AE2  A$_sms_manager$1638                _sms_manager
     00000AE5  A$_sms_manager$1642                _sms_manager
     00000AE7  A$_sms_manager$1647                _sms_manager
     00000AE7  C$_sms_manager.c$270$1_0$229       _sms_manager
     00000AE7  XG$devkit_SMS_loadTileMap$0$0      _sms_manager
     00000AE8  A$_sms_manager$1660                _sms_manager
     00000AE8  C$_sms_manager.c$271$1_0$231       _sms_manager
     00000AE8  C$_sms_manager.c$273$1_0$231       _sms_manager
     00000AE8  G$devkit_SMS_loadTileMapArea$0$0   _sms_manager
     00000AE8  _devkit_SMS_loadTileMapArea        _sms_manager
     00000AEC  A$_sms_manager$1661                _sms_manager
     00000AEE  A$_sms_manager$1662                _sms_manager
     00000AF1  A$_sms_manager$1663                _sms_manager
     00000AF2  A$_sms_manager$1664                _sms_manager
ASxxxx Linker V03.00 + NoICE + sdld,  page 20.
Hexadecimal  [32-Bits]

Area                                    Addr        Size        Decimal Bytes (Attributes)
--------------------------------        ----        ----        ------- ----- ------------
_CODE                               00000200    00005485 =       21637. bytes (REL,CON)

      Value  Global                              Global Defined In Module
      -----  --------------------------------   ------------------------
     00000AF3  A$_sms_manager$1665                _sms_manager
     00000AF6  A$_sms_manager$1666                _sms_manager
     00000AF8  A$_sms_manager$1667                _sms_manager
     00000AF9  A$_sms_manager$1668                _sms_manager
     00000AFA  A$_sms_manager$1669                _sms_manager
     00000AFD  A$_sms_manager$1670                _sms_manager
     00000B00  A$_sms_manager$1671                _sms_manager
     00000B02  A$_sms_manager$1672                _sms_manager
     00000B04  A$_sms_manager$1673                _sms_manager
     00000B05  A$_sms_manager$1674                _sms_manager
     00000B08  A$_sms_manager$1675                _sms_manager
     00000B0A  A$_sms_manager$1676                _sms_manager
     00000B0B  A$_sms_manager$1677                _sms_manager
     00000B0C  A$_sms_manager$1678                _sms_manager
     00000B0F  A$_sms_manager$1679                _sms_manager
     00000B10  A$_sms_manager$1680                _sms_manager
     00000B11  A$_sms_manager$1681                _sms_manager
     00000B14  A$_sms_manager$1682                _sms_manager
     00000B17  A$_sms_manager$1683                _sms_manager
     00000B18  A$_sms_manager$1684                _sms_manager
     00000B19  A$_sms_manager$1692                _sms_manager
     00000B19  C$_sms_manager.c$274$1_0$231       _sms_manager
     00000B19  XG$devkit_SMS_loadTileMapArea$0$   _sms_manager
     00000B1A  A$_sms_manager$1705                _sms_manager
     00000B1A  C$_sms_manager.c$276$1_0$233       _sms_manager
     00000B1A  C$_sms_manager.c$278$1_0$233       _sms_manager
     00000B1A  G$devkit_SMS_loadSTMcompressedTi   _sms_manager
     00000B1A  _devkit_SMS_loadSTMcompressedTil   _sms_manager
     00000B1E  A$_sms_manager$1706                _sms_manager
     00000B20  A$_sms_manager$1707                _sms_manager
     00000B23  A$_sms_manager$1708                _sms_manager
     00000B26  A$_sms_manager$1709                _sms_manager
     00000B27  A$_sms_manager$1710                _sms_manager
     00000B2A  A$_sms_manager$1711                _sms_manager
     00000B2D  A$_sms_manager$1712                _sms_manager
     00000B2E  A$_sms_manager$1713                _sms_manager
     00000B31  A$_sms_manager$1714                _sms_manager
     00000B32  A$_sms_manager$1715                _sms_manager
     00000B33  A$_sms_manager$1723                _sms_manager
     00000B33  C$_sms_manager.c$279$1_0$233       _sms_manager
     00000B33  XG$devkit_SMS_loadSTMcompressedT   _sms_manager
     00000B34  A$_sms_manager$1733                _sms_manager
     00000B34  C$_sms_manager.c$280$1_0$235       _sms_manager
     00000B34  G$devkit_SMS_loadSTMcompressedTi   _sms_manager
     00000B34  _devkit_SMS_loadSTMcompressedTil   _sms_manager
     00000B36  A$_sms_manager$1734                _sms_manager
     00000B3A  A$_sms_manager$1735                _sms_manager
     00000B3C  A$_sms_manager$1739                _sms_manager
     00000B3C  C$_sms_manager.c$282$1_0$235       _sms_manager
     00000B3F  A$_sms_manager$1740                _sms_manager
     00000B42  A$_sms_manager$1741                _sms_manager
ASxxxx Linker V03.00 + NoICE + sdld,  page 21.
Hexadecimal  [32-Bits]

Area                                    Addr        Size        Decimal Bytes (Attributes)
--------------------------------        ----        ----        ------- ----- ------------
_CODE                               00000200    00005485 =       21637. bytes (REL,CON)

      Value  Global                              Global Defined In Module
      -----  --------------------------------   ------------------------
     00000B45  A$_sms_manager$1742                _sms_manager
     00000B47  A$_sms_manager$1743                _sms_manager
     00000B48  A$_sms_manager$1744                _sms_manager
     00000B49  A$_sms_manager$1745                _sms_manager
     00000B4A  A$_sms_manager$1746                _sms_manager
     00000B4B  A$_sms_manager$1747                _sms_manager
     00000B4C  A$_sms_manager$1748                _sms_manager
     00000B4F  A$_sms_manager$1749                _sms_manager
     00000B51  A$_sms_manager$1750                _sms_manager
     00000B52  A$_sms_manager$1751                _sms_manager
     00000B53  A$_sms_manager$1752                _sms_manager
     00000B54  A$_sms_manager$1753                _sms_manager
     00000B56  A$_sms_manager$1754                _sms_manager
     00000B57  A$_sms_manager$1755                _sms_manager
     00000B58  A$_sms_manager$1756                _sms_manager
     00000B59  A$_sms_manager$1757                _sms_manager
     00000B5C  A$_sms_manager$1758                _sms_manager
     00000B5D  A$_sms_manager$1759                _sms_manager
     00000B5E  A$_sms_manager$1763                _sms_manager
     00000B60  A$_sms_manager$1768                _sms_manager
     00000B60  C$_sms_manager.c$283$1_0$235       _sms_manager
     00000B60  XG$devkit_SMS_loadSTMcompressedT   _sms_manager
     00000B61  A$_sms_manager$1778                _sms_manager
     00000B61  C$_sms_manager.c$284$1_0$237       _sms_manager
     00000B61  G$devkit_SMS_loadSTMcompressedTi   _sms_manager
     00000B61  _devkit_SMS_loadSTMcompressedTil   _sms_manager
     00000B63  A$_sms_manager$1779                _sms_manager
     00000B67  A$_sms_manager$1780                _sms_manager
     00000B69  A$_sms_manager$1784                _sms_manager
     00000B69  C$_sms_manager.c$286$1_0$237       _sms_manager
     00000B6C  A$_sms_manager$1785                _sms_manager
     00000B6F  A$_sms_manager$1786                _sms_manager
     00000B72  A$_sms_manager$1787                _sms_manager
     00000B74  A$_sms_manager$1788                _sms_manager
     00000B75  A$_sms_manager$1789                _sms_manager
     00000B76  A$_sms_manager$1790                _sms_manager
     00000B77  A$_sms_manager$1791                _sms_manager
     00000B78  A$_sms_manager$1792                _sms_manager
     00000B79  A$_sms_manager$1793                _sms_manager
     00000B7C  A$_sms_manager$1794                _sms_manager
     00000B7E  A$_sms_manager$1795                _sms_manager
     00000B7F  A$_sms_manager$1796                _sms_manager
     00000B80  A$_sms_manager$1797                _sms_manager
     00000B81  A$_sms_manager$1798                _sms_manager
     00000B83  A$_sms_manager$1799                _sms_manager
     00000B84  A$_sms_manager$1800                _sms_manager
     00000B85  A$_sms_manager$1801                _sms_manager
     00000B86  A$_sms_manager$1802                _sms_manager
     00000B89  A$_sms_manager$1803                _sms_manager
     00000B8A  A$_sms_manager$1804                _sms_manager
     00000B8B  A$_sms_manager$1808                _sms_manager
ASxxxx Linker V03.00 + NoICE + sdld,  page 22.
Hexadecimal  [32-Bits]

Area                                    Addr        Size        Decimal Bytes (Attributes)
--------------------------------        ----        ----        ------- ----- ------------
_CODE                               00000200    00005485 =       21637. bytes (REL,CON)

      Value  Global                              Global Defined In Module
      -----  --------------------------------   ------------------------
     00000B8D  A$_sms_manager$1813                _sms_manager
     00000B8D  C$_sms_manager.c$287$1_0$237       _sms_manager
     00000B8D  XG$devkit_SMS_loadSTMcompressedT   _sms_manager
     00000B8E  A$_sms_manager$1833                _sms_manager
     00000B8E  C$_sms_manager.c$290$1_0$238       _sms_manager
     00000B8E  C$_sms_manager.c$292$1_0$238       _sms_manager
     00000B8E  C$_sms_manager.c$293$1_0$238       _sms_manager
     00000B8E  G$devkit_SMS_initSprites$0$0       _sms_manager
     00000B8E  XG$devkit_SMS_initSprites$0$0      _sms_manager
     00000B8E  _devkit_SMS_initSprites            _sms_manager
     00000B91  A$_sms_manager$1846                _sms_manager
     00000B91  C$_sms_manager.c$294$1_0$240       _sms_manager
     00000B91  C$_sms_manager.c$296$1_0$240       _sms_manager
     00000B91  G$devkit_SMS_addSprite$0$0         _sms_manager
     00000B91  _devkit_SMS_addSprite              _sms_manager
     00000B95  A$_sms_manager$1847                _sms_manager
     00000B97  A$_sms_manager$1848                _sms_manager
     00000B9A  A$_sms_manager$1849                _sms_manager
     00000B9B  A$_sms_manager$1850                _sms_manager
     00000B9C  A$_sms_manager$1851                _sms_manager
     00000B9F  A$_sms_manager$1852                _sms_manager
     00000BA1  A$_sms_manager$1853                _sms_manager
     00000BA2  A$_sms_manager$1854                _sms_manager
     00000BA3  A$_sms_manager$1855                _sms_manager
     00000BA6  A$_sms_manager$1856                _sms_manager
     00000BA7  A$_sms_manager$1857                _sms_manager
     00000BA8  A$_sms_manager$1858                _sms_manager
     00000BAB  A$_sms_manager$1859                _sms_manager
     00000BAC  A$_sms_manager$1860                _sms_manager
     00000BAD  A$_sms_manager$1868                _sms_manager
     00000BAD  C$_sms_manager.c$297$1_0$240       _sms_manager
     00000BAD  XG$devkit_SMS_addSprite$0$0        _sms_manager
     00000BAE  A$_sms_manager$1881                _sms_manager
     00000BAE  C$_sms_manager.c$298$1_0$242       _sms_manager
     00000BAE  C$_sms_manager.c$300$1_0$242       _sms_manager
     00000BAE  G$devkit_SMS_addTwoAdjoiningSpri   _sms_manager
     00000BAE  _devkit_SMS_addTwoAdjoiningSprit   _sms_manager
     00000BB2  A$_sms_manager$1882                _sms_manager
     00000BB4  A$_sms_manager$1883                _sms_manager
     00000BB7  A$_sms_manager$1884                _sms_manager
     00000BB8  A$_sms_manager$1885                _sms_manager
     00000BB9  A$_sms_manager$1886                _sms_manager
     00000BBC  A$_sms_manager$1887                _sms_manager
     00000BBE  A$_sms_manager$1888                _sms_manager
     00000BBF  A$_sms_manager$1889                _sms_manager
     00000BC0  A$_sms_manager$1890                _sms_manager
     00000BC3  A$_sms_manager$1891                _sms_manager
     00000BC4  A$_sms_manager$1892                _sms_manager
     00000BC5  A$_sms_manager$1893                _sms_manager
     00000BC8  A$_sms_manager$1894                _sms_manager
     00000BC9  A$_sms_manager$1895                _sms_manager
ASxxxx Linker V03.00 + NoICE + sdld,  page 23.
Hexadecimal  [32-Bits]

Area                                    Addr        Size        Decimal Bytes (Attributes)
--------------------------------        ----        ----        ------- ----- ------------
_CODE                               00000200    00005485 =       21637. bytes (REL,CON)

      Value  Global                              Global Defined In Module
      -----  --------------------------------   ------------------------
     00000BCA  A$_sms_manager$1903                _sms_manager
     00000BCA  C$_sms_manager.c$301$1_0$242       _sms_manager
     00000BCA  XG$devkit_SMS_addTwoAdjoiningSpr   _sms_manager
     00000BCB  A$_sms_manager$1916                _sms_manager
     00000BCB  C$_sms_manager.c$302$1_0$244       _sms_manager
     00000BCB  C$_sms_manager.c$304$1_0$244       _sms_manager
     00000BCB  G$devkit_SMS_addThreeAdjoiningSp   _sms_manager
     00000BCB  _devkit_SMS_addThreeAdjoiningSpr   _sms_manager
     00000BCF  A$_sms_manager$1917                _sms_manager
     00000BD1  A$_sms_manager$1918                _sms_manager
     00000BD4  A$_sms_manager$1919                _sms_manager
     00000BD5  A$_sms_manager$1920                _sms_manager
     00000BD6  A$_sms_manager$1921                _sms_manager
     00000BD9  A$_sms_manager$1922                _sms_manager
     00000BDB  A$_sms_manager$1923                _sms_manager
     00000BDC  A$_sms_manager$1924                _sms_manager
     00000BDD  A$_sms_manager$1925                _sms_manager
     00000BE0  A$_sms_manager$1926                _sms_manager
     00000BE1  A$_sms_manager$1927                _sms_manager
     00000BE2  A$_sms_manager$1928                _sms_manager
     00000BE5  A$_sms_manager$1929                _sms_manager
     00000BE6  A$_sms_manager$1930                _sms_manager
[...]

Area                                    Addr        Size        Decimal Bytes (Attributes)
--------------------------------        ----        ----        ------- ----- ------------
_BANK3                              00008000    00001FCE =        8142. bytes (REL,CON)

      Value  Global                              Global Defined In Module
      -----  --------------------------------   ------------------------
     00008000  G$font_overs__palette__bin$0_0$0   bank3
     00008000  _font_overs__palette__bin          bank3
     00008010  G$font_overs__tilemap__bin$0_0$0   bank3
     00008010  _font_overs__tilemap__bin          bank3
     00008070  G$font_overs__tiles__psgcompr$0_   bank3
     00008070  _font_overs__tiles__psgcompr       bank3
     000081F1  G$font_tiles__palette__bin$0_0$0   bank3
     000081F1  _font_tiles__palette__bin          bank3
     00008201  G$font_tiles__tilemap__bin$0_0$0   bank3
     00008201  _font_tiles__tilemap__bin          bank3
     00008261  G$font_tiles__tiles__psgcompr$0_   bank3
     00008261  _font_tiles__tiles__psgcompr       bank3
     000083E2  G$logo_new__palette__bin$0_0$0     bank3
     000083E2  _logo_new__palette__bin            bank3
     000083F2  G$logo_new__tilemap__bin$0_0$0     bank3
     000083F2  _logo_new__tilemap__bin            bank3
     0000850A  G$logo_new__tiles__psgcompr$0_0$   bank3
     0000850A  _logo_new__tiles__psgcompr         bank3
     00008CFA  G$splash__palette__bin$0_0$0       bank3
     00008CFA  _splash__palette__bin              bank3
     00008D0A  G$splash__tilemap__bin$0_0$0       bank3
     00008D0A  _splash__tilemap__bin              bank3
     0000930A  G$splash__tiles__psgcompr$0_0$0    bank3
     0000930A  _splash__tiles__psgcompr           bank3
ASxxxx Linker V03.00 + NoICE + sdld,  page 242.
Hexadecimal  [32-Bits]

Area                                    Addr        Size        Decimal Bytes (Attributes)
--------------------------------        ----        ----        ------- ----- ------------
_BANK4                              00008000    000033EB =       13291. bytes (REL,CON)

      Value  Global                              Global Defined In Module
      -----  --------------------------------   ------------------------
     00008000  G$Intro01_wav_pcmenc$0$0           bank4
     00008000  _Intro01_wav_pcmenc                bank4

ASxxxx Linker V03.00 + NoICE + sdld,  page 243.
Hexadecimal  [32-Bits]

Area                                    Addr        Size        Decimal Bytes (Attributes)
--------------------------------        ----        ----        ------- ----- ------------
_BANK5                              00008000    000038D9 =       14553. bytes (REL,CON)

      Value  Global                              Global Defined In Module
      -----  --------------------------------   ------------------------
     00008000  G$Intro02_wav_pcmenc$0$0           bank5
     00008000  _Intro02_wav_pcmenc                bank5

ASxxxx Linker V03.00 + NoICE + sdld,  page 244.
Hexadecimal  [32-Bits]

Area                                    Addr        Size        Decimal Bytes (Attributes)
--------------------------------        ----        ----        ------- ----- ------------
_BANK6                              00008000    00003833 =       14387. bytes (REL,CON)

      Value  Global                              Global Defined In Module
      -----  --------------------------------   ------------------------
     00008000  G$Intro03_wav_pcmenc$0$0           bank6
     00008000  _Intro03_wav_pcmenc                bank6

ASxxxx Linker V03.00 + NoICE + sdld,  page 245.
Hexadecimal  [32-Bits]

Area                                    Addr        Size        Decimal Bytes (Attributes)
--------------------------------        ----        ----        ------- ----- ------------
_BANK7                              00008000    0000375D =       14173. bytes (REL,CON)

      Value  Global                              Global Defined In Module
      -----  --------------------------------   ------------------------
     00008000  G$Intro04_wav_pcmenc$0$0           bank7
     00008000  _Intro04_wav_pcmenc                bank7

ASxxxx Linker V03.00 + NoICE + sdld,  page 246.
Hexadecimal  [32-Bits]

Area                                    Addr        Size        Decimal Bytes (Attributes)
--------------------------------        ----        ----        ------- ----- ------------
_BANK8                              00008000    000020EB =        8427. bytes (REL,CON)

      Value  Global                              Global Defined In Module
      -----  --------------------------------   ------------------------
     00008000  G$Intro05_wav_pcmenc$0$0           bank8
     00008000  _Intro05_wav_pcmenc                bank8

ASxxxx Linker V03.00 + NoICE + sdld,  page 247.
Hexadecimal  [32-Bits]

Area                                    Addr        Size        Decimal Bytes (Attributes)
--------------------------------        ----        ----        ------- ----- ------------
_BANK9                              00008000    00002370 =        9072. bytes (REL,CON)

      Value  Global                              Global Defined In Module
      -----  --------------------------------   ------------------------
     00008000  G$Boss01_wav_pcmenc$0$0            bank9
     00008000  _Boss01_wav_pcmenc                 bank9

ASxxxx Linker V03.00 + NoICE + sdld,  page 248.
Hexadecimal  [32-Bits]

Area                                    Addr        Size        Decimal Bytes (Attributes)
--------------------------------        ----        ----        ------- ----- ------------
_BANK10                             00008000    0000288C =       10380. bytes (REL,CON)

      Value  Global                              Global Defined In Module
      -----  --------------------------------   ------------------------
     00008000  G$Boss02_wav_pcmenc$0$0            bank10
     00008000  _Boss02_wav_pcmenc                 bank10

ASxxxx Linker V03.00 + NoICE + sdld,  page 249.
Hexadecimal  [32-Bits]

Area                                    Addr        Size        Decimal Bytes (Attributes)
--------------------------------        ----        ----        ------- ----- ------------
_BANK11                             00008000    00002225 =        8741. bytes (REL,CON)

      Value  Global                              Global Defined In Module
      -----  --------------------------------   ------------------------
     00008000  G$Boss03_wav_pcmenc$0$0            bank11
     00008000  _Boss03_wav_pcmenc                 bank11

ASxxxx Linker V03.00 + NoICE + sdld,  page 250.
Hexadecimal  [32-Bits]

Area                                    Addr        Size        Decimal Bytes (Attributes)
--------------------------------        ----        ----        ------- ----- ------------
_BANK12                             00008000    000038DD =       14557. bytes (REL,CON)

      Value  Global                              Global Defined In Module
      -----  --------------------------------   ------------------------
     00008000  G$Over01_wav_pcmenc$0$0            bank12
     00008000  _Over01_wav_pcmenc                 bank12

ASxxxx Linker V03.00 + NoICE + sdld,  page 251.
Hexadecimal  [32-Bits]

Area                                    Addr        Size        Decimal Bytes (Attributes)
--------------------------------        ----        ----        ------- ----- ------------
_BANK13                             00008000    0000246C =        9324. bytes (REL,CON)

      Value  Global                              Global Defined In Module
      -----  --------------------------------   ------------------------
     00008000  G$Over02_wav_pcmenc$0$0            bank13
     00008000  _Over02_wav_pcmenc                 bank13

ASxxxx Linker V03.00 + NoICE + sdld,  page 252.
Hexadecimal  [32-Bits]

Area                                    Addr        Size        Decimal Bytes (Attributes)
--------------------------------        ----        ----        ------- ----- ------------
_BANK14                             00008000    000009BB =        2491. bytes (REL,CON)

      Value  Global                              Global Defined In Module
      -----  --------------------------------   ------------------------
     00008000  G$sound0_psg$0_0$0                 bank14
     00008000  _sound0_psg                        bank14
     00008017  G$sound1_psg$0_0$0                 bank14
     00008017  _sound1_psg                        bank14
     0000802C  G$sound10_psg$0_0$0                bank14
     0000802C  _sound10_psg                       bank14
     00008051  G$sound11_psg$0_0$0                bank14
     00008051  _sound11_psg                       bank14
     00008676  G$sound12_psg$0_0$0                bank14
     00008676  _sound12_psg                       bank14
     00008888  G$sound2_psg$0_0$0                 bank14
     00008888  _sound2_psg                        bank14
     000088AA  G$sound3_psg$0_0$0                 bank14
     000088AA  _sound3_psg                        bank14
     000088CC  G$sound4_psg$0_0$0                 bank14
     000088CC  _sound4_psg                        bank14
     000088E1  G$sound5_psg$0_0$0                 bank14
     000088E1  _sound5_psg                        bank14
     00008901  G$sound6_psg$0_0$0                 bank14
     00008901  _sound6_psg                        bank14
     00008924  G$sound7_psg$0_0$0                 bank14
     00008924  _sound7_psg                        bank14
     00008947  G$sound8_psg$0_0$0                 bank14
     00008947  _sound8_psg                        bank14
     0000895A  G$sound9_psg$0_0$0                 bank14
     0000895A  _sound9_psg                        bank14

ASxxxx Linker V03.00 + NoICE + sdld,  page 253.
Hexadecimal  [32-Bits]

Area                                    Addr        Size        Decimal Bytes (Attributes)
--------------------------------        ----        ----        ------- ----- ------------
_BANK15                             00008000    00000665 =        1637. bytes (REL,CON)

      Value  Global                              Global Defined In Module
      -----  --------------------------------   ------------------------
     00008000  Ffixedbank$__str_0$0_0$0           fixedbank

ASxxxx Linker V03.00 + NoICE + sdld,  page 254.
Hexadecimal  [32-Bits]

Area                                    Addr        Size        Decimal Bytes (Attributes)
--------------------------------        ----        ----        ------- ----- ------------
_CABS0                              00000000    00000010 =          16. bytes (ABS,CON)

      Value  Global                              Global Defined In Module
      -----  --------------------------------   ------------------------
     00007FF0  G$__SMS__SEGA_signature$0_0$0      _sms_manager
     00007FF0  ___SMS__SEGA_signature             _sms_manager

ASxxxx Linker V03.00 + NoICE + sdld,  page 255.
Hexadecimal  [32-Bits]

Area                                    Addr        Size        Decimal Bytes (Attributes)
--------------------------------        ----        ----        ------- ----- ------------
_CABS1                              00000000    0000000E =          14. bytes (ABS,CON)

      Value  Global                              Global Defined In Module
      -----  --------------------------------   ------------------------
     00007FD2  G$__SMS__SDSC_author$0_0$0         _sms_manager
     00007FD2  ___SMS__SDSC_author                _sms_manager

ASxxxx Linker V03.00 + NoICE + sdld,  page 256.
Hexadecimal  [32-Bits]

Area                                    Addr        Size        Decimal Bytes (Attributes)
--------------------------------        ----        ----        ------- ----- ------------
_CABS2                              00000000    00000007 =           7. bytes (ABS,CON)

      Value  Global                              Global Defined In Module
      -----  --------------------------------   ------------------------
     00007FCB  G$__SMS__SDSC_name$0_0$0           _sms_manager
     00007FCB  ___SMS__SDSC_name                  _sms_manager

ASxxxx Linker V03.00 + NoICE + sdld,  page 257.
Hexadecimal  [32-Bits]

Area                                    Addr        Size        Decimal Bytes (Attributes)
--------------------------------        ----        ----        ------- ----- ------------
_CABS3                              00000000    00000015 =          21. bytes (ABS,CON)

      Value  Global                              Global Defined In Module
      -----  --------------------------------   ------------------------
     00007FB6  G$__SMS__SDSC_descr$0_0$0          _sms_manager
     00007FB6  ___SMS__SDSC_descr                 _sms_manager

ASxxxx Linker V03.00 + NoICE + sdld,  page 258.
Hexadecimal  [32-Bits]

Area                                    Addr        Size        Decimal Bytes (Attributes)
--------------------------------        ----        ----        ------- ----- ------------
_CABS4                              00000000    00000010 =          16. bytes (ABS,CON)

      Value  Global                              Global Defined In Module
      -----  --------------------------------   ------------------------
     00007FE0  G$__SMS__SDSC_signature$0_0$0      _sms_manager
     00007FE0  ___SMS__SDSC_signature             _sms_manager

ASxxxx Linker V03.00 + NoICE + sdld,  page 259.

Files Linked                              [ module(s) ]

../crt0/crt0_sms.rel                      [ crt0 ]
main.rel                                  [ main ]
../lib/PSGlib.rel                         [ PSGlib ]
banks/bank2.rel                           [ bank2 ]
banks/bank3.rel                           [ bank3 ]
banks/bank4.rel                           [ bank4 ]
banks/bank5.rel                           [ bank5 ]
banks/bank6.rel                           [ bank6 ]
banks/bank7.rel                           [ bank7 ]
banks/bank8.rel                           [ bank8 ]
banks/bank9.rel                           [ bank9 ]
banks/bank10.rel                          [ bank10 ]
banks/bank11.rel                          [ bank11 ]
banks/bank12.rel                          [ bank12 ]
banks/bank13.rel                          [ bank13 ]
banks/bank14.rel                          [ bank14 ]
banks/fixedbank.rel                       [ fixedbank ]
devkit/_sms_manager.rel                   [ _sms_manager ]
devkit/_snd_manager.rel                   [ _snd_manager ]
engine/asm_manager.rel                    [ asm_manager ]
engine/audio_manager.rel                  [ audio_manager ]
engine/content_manager.rel                [ content_manager ]
engine/enum_manager.rel                   [ enum_manager ]
engine/enemy_manager.rel                  [ enemy_manager ]
engine/fight_manager.rel                  [ fight_manager ]
engine/font_manager.rel                   [ font_manager ]
engine/game_manager.rel                   [ game_manager ]
engine/global_manager.rel                 [ global_manager ]
engine/graphics_manager.rel               [ graphics_manager ]
engine/hack_manager.rel                   [ hack_manager ]
engine/input_manager.rel                  [ input_manager ]
engine/player_manager.rel                 [ player_manager ]
engine/random_manager.rel                 [ random_manager ]
engine/sample_manager.rel                 [ sample_manager ]
engine/screen_manager.rel                 [ screen_manager ]
engine/select_manager.rel                 [ select_manager ]
engine/text_manager.rel                   [ text_manager ]
engine/timer_manager.rel                  [ timer_manager ]
object/audio_object.rel                   [ audio_object ]
object/enemy_object.rel                   [ enemy_object ]
object/game_object.rel                    [ game_object ]
object/hack_object.rel                    [ hack_object ]
object/player_object.rel                  [ player_object ]
object/select_object.rel                  [ select_object ]
object/timer_object.rel                   [ timer_object ]
screen/boss_screen.rel                    [ boss_screen ]
screen/complete_screen.rel                [ complete_screen ]
screen/credit_screen.rel                  [ credit_screen ]
screen/diff_screen.rel                    [ diff_screen ]
screen/forest_screen.rel                  [ forest_screen ]
screen/func_screen.rel                    [ func_screen ]
screen/intro_screen.rel                   [ intro_screen ]
screen/kill_screen.rel                    [ kill_screen ]
screen/load_screen.rel                    [ load_screen ]
screen/menu_screen.rel                    [ menu_screen ]
screen/none_screen.rel                    [ none_screen ]
screen/over_screen.rel                    [ over_screen ]
screen/prep_screen.rel                    [ prep_screen ]
screen/relive_screen.rel                  [ relive_screen ]
screen/shop_screen.rel                    [ shop_screen ]
screen/splash_screen.rel                  [ splash_screen ]
screen/start_screen.rel                   [ start_screen ]
screen/stats_screen.rel                   [ stats_screen ]
screen/talk_screen.rel                    [ talk_screen ]
screen/test_screen.rel                    [ test_screen ]
screen/title_screen.rel                   [ title_screen ]
screen/victory_screen.rel                 [ victory_screen ]
content/gfx.rel                           [ gfx ]
content/psg.rel                           [ psg ]


Libraries Linked                          [ object file ]

../lib/SMSlib.lib                         [ SMSlib_spriteAdv.rel ]
../lib/SMSlib.lib                         [ SMSlib_aPLib.rel ]
C:\Program Files\SDCC\bin\..\lib\z80/z80.lib
                                          [ divunsigned.rel ]
../lib/SMSlib.lib                         [ SMSlib_UNSAFE.rel ]
../lib/SMSlib.lib                         [ SMSlib.rel ]
../lib/SMSlib.lib                         [ SMSlib_PSGaiden.rel ]
C:\Program Files\SDCC\bin\..\lib\z80/z80.lib
                                          [ rand.rel ]
../lib/SMSlib.lib                         [ SMSlib_load1bppTiles.rel ]
../lib/SMSlib.lib                         [ SMSlib_spriteClip.rel ]
../lib/SMSlib.lib                         [ SMSlib_VRAMmemset.rel ]
../lib/SMSlib.lib                         [ SMSlib_paletteAdv.rel ]
../lib/SMSlib.lib                         [ SMSlib_zx7.rel ]
../lib/SMSlib.lib                         [ SMSlib_textrenderer.rel ]
../lib/SMSlib.lib                         [ SMSlib_threesprites.rel ]
../lib/SMSlib.lib                         [ SMSlib_sprite.rel ]
../lib/SMSlib.lib                         [ SMSlib_twosprites.rel ]
../lib/SMSlib.lib                         [ SMSlib_paddle.rel ]
../lib/SMSlib.lib                         [ SMSlib_VRAMmemcpy_brief.rel ]
../lib/SMSlib.lib                         [ SMSlib_UNSAFE_zx7.rel ]
C:\Program Files\SDCC\bin\..\lib\z80/z80.lib
                                          [ __sdcc_call_hl.rel ]
../lib/SMSlib.lib                         [ SMSlib_deprecated.rel ]
../lib/SMSlib.lib                         [ SMSlib_VRAMmemcpy.rel ]
../lib/SMSlib.lib                         [ SMSlib_STMcomp.rel ]
../lib/SMSlib.lib                         [ SMSlib_loadTileMapArea.rel ]
../lib/SMSlib.lib                         [ SMSlib_autotext.rel ]
C:\Program Files\SDCC\bin\..\lib\z80/z80.lib
                                          [ modsigned.rel ]
C:\Program Files\SDCC\bin\..\lib\z80/z80.lib
                                          [ modunsigned.rel ]
C:\Program Files\SDCC\bin\..\lib\z80/z80.lib
                                          [ divsigned.rel ]

ASxxxx Linker V03.00 + NoICE + sdld,  page 260.

User Base Address Definitions

_CODE = 0x0200
_DATA = 0xc000
_BANK2=0x8000
_BANK3=0x8000
_BANK4=0x8000
_BANK5=0x8000
_BANK6=0x8000
_BANK7=0x8000
_BANK8=0x8000
_BANK9=0x8000
_BANK10=0x8000
_BANK11=0x8000
_BANK12=0x8000
_BANK13=0x8000
_BANK14=0x8000
_BANK15=0x8000

